// Jest Snapshot v1, https://goo.gl/fbAQLP

exports[`Test case for setup volume should match its empty snapshot 1`] = `
ShallowWrapper {
  Symbol(enzyme.__root__): [Circular],
  Symbol(enzyme.__unrendered__): <WaterBill />,
  Symbol(enzyme.__renderer__): Object {
    "batchedUpdates": [Function],
    "getNode": [Function],
    "render": [Function],
    "simulateEvent": [Function],
    "unmount": [Function],
  },
  Symbol(enzyme.__node__): Object {
    "instance": null,
    "key": undefined,
    "nodeType": "class",
    "props": Object {
      "bordered": true,
      "childrenColumnName": "children",
      "className": "",
      "columns": Array [
        Object {
          "dataIndex": "meterName",
          "title": "Meter Name",
        },
        Object {
          "dataIndex": "memberName",
          "title": "Member Name",
        },
        Object {
          "dataIndex": "month",
          "title": "Month",
        },
        Object {
          "dataIndex": "totalMilliters",
          "title": "Amount volume (totalMilliters /mL)",
        },
        Object {
          "className": "column-money",
          "dataIndex": "fee",
          "title": "Amount Fee(Bath)",
        },
      ],
      "dataSource": Array [],
      "footer": [Function],
      "indentSize": 20,
      "loading": false,
      "locale": Object {},
      "rowKey": [Function],
      "showHeader": true,
      "size": "default",
      "sortDirections": Array [
        "ascend",
        "descend",
      ],
      "title": [Function],
      "useFixedHeader": false,
    },
    "ref": null,
    "rendered": null,
    "type": [Function],
  },
  Symbol(enzyme.__nodes__): Array [
    Object {
      "instance": null,
      "key": undefined,
      "nodeType": "class",
      "props": Object {
        "bordered": true,
        "childrenColumnName": "children",
        "className": "",
        "columns": Array [
          Object {
            "dataIndex": "meterName",
            "title": "Meter Name",
          },
          Object {
            "dataIndex": "memberName",
            "title": "Member Name",
          },
          Object {
            "dataIndex": "month",
            "title": "Month",
          },
          Object {
            "dataIndex": "totalMilliters",
            "title": "Amount volume (totalMilliters /mL)",
          },
          Object {
            "className": "column-money",
            "dataIndex": "fee",
            "title": "Amount Fee(Bath)",
          },
        ],
        "dataSource": Array [],
        "footer": [Function],
        "indentSize": 20,
        "loading": false,
        "locale": Object {},
        "rowKey": [Function],
        "showHeader": true,
        "size": "default",
        "sortDirections": Array [
          "ascend",
          "descend",
        ],
        "title": [Function],
        "useFixedHeader": false,
      },
      "ref": null,
      "rendered": null,
      "type": [Function],
    },
  ],
  Symbol(enzyme.__options__): Object {
    "adapter": ReactFifteenAdapter {
      "options": Object {
        "legacyContextMode": "parent",
        "lifecycles": Object {
          "componentDidUpdate": Object {
            "prevContext": true,
          },
          "getChildContext": Object {
            "calledByRenderer": true,
          },
        },
        "supportPrevContextArgumentOfComponentDidUpdate": true,
      },
    },
    Symbol(enzyme.__providerValues__): undefined,
  },
  Symbol(enzyme.__providerValues__): Map {},
  Symbol(enzyme.__childContext__): null,
}
`;
